../HAL/RTC/realtimeclock.c:28:6:HAL_RTCEx_WakeUpTimerEventCallback	16	static
../HAL/RTC/realtimeclock.c:37:6:HAL_RTC_AlarmAEventCallback	16	static
../HAL/RTC/realtimeclock.c:46:6:RTCInit	8	static
../HAL/RTC/realtimeclock.c:56:6:setRTCData	40	static
../HAL/RTC/realtimeclock.c:80:6:getRTCData	40	static
../HAL/RTC/realtimeclock.c:100:6:setRTCAlarm	56	static
../HAL/RTC/realtimeclock.c:121:16:is_leap_year	16	static
../HAL/RTC/realtimeclock.c:125:16:days_in_month	72	static
../HAL/RTC/realtimeclock.c:133:6:add_time	32	static
../HAL/RTC/realtimeclock.c:164:6:getRtcAlarmStatus	4	static
../HAL/RTC/realtimeclock.c:169:6:setRtcAlarmStatus	16	static
