../HAL/RTC/realtimeclock.c:28:6:HAL_RTC_AlarmAEventCallback	16	static
../HAL/RTC/realtimeclock.c:37:6:RTCInit	8	static
../HAL/RTC/realtimeclock.c:46:6:setRTCData	40	static
../HAL/RTC/realtimeclock.c:70:6:getRTCData	40	static
../HAL/RTC/realtimeclock.c:90:6:setRTCAlarm	56	static
../HAL/RTC/realtimeclock.c:111:16:is_leap_year	16	static
../HAL/RTC/realtimeclock.c:115:16:days_in_month	72	static
../HAL/RTC/realtimeclock.c:123:6:add_time	32	static
../HAL/RTC/realtimeclock.c:154:6:getRtcAlarmStatus	4	static
../HAL/RTC/realtimeclock.c:159:6:setRtcAlarmStatus	16	static
