../HAL/LowPowerMode/lowPowerMode.c:15:6:lowPowerModeTask	0	static
../HAL/LowPowerMode/lowPowerMode.c:21:6:standbyModeTask	8	static
../HAL/LowPowerMode/lowPowerMode.c:78:6:HAL_SuspendTick	0	static
../HAL/LowPowerMode/lowPowerMode.c:55:6:startSleepMode	8	static
../HAL/LowPowerMode/lowPowerMode.c:64:6:startStopMode	8	static
../HAL/LowPowerMode/lowPowerMode.c:83:6:HAL_ResumeTick	0	static
../HAL/LowPowerMode/lowPowerMode.c:88:6:getStdModeFlag	0	static
../HAL/LowPowerMode/lowPowerMode.c:93:6:setStdModeFlag	0	static
