../HAL/LowPowerMode/lowPowerMode.c:15:6:lowPowerModeTask	4	static
../HAL/LowPowerMode/lowPowerMode.c:21:6:stopModeTask	16	static
../HAL/LowPowerMode/lowPowerMode.c:51:6:startSleepMode	8	static
../HAL/LowPowerMode/lowPowerMode.c:60:6:startStopMode	8	static
../HAL/LowPowerMode/lowPowerMode.c:73:6:HAL_SuspendTick	4	static
../HAL/LowPowerMode/lowPowerMode.c:78:6:HAL_ResumeTick	4	static
../HAL/LowPowerMode/lowPowerMode.c:83:6:getStopModeFlag	4	static
../HAL/LowPowerMode/lowPowerMode.c:88:6:setStopModeFlag	16	static
