../HAL/LowPowerMode/lowPowerMode.c:15:6:lowPowerModeTask	4	static
../HAL/LowPowerMode/lowPowerMode.c:21:6:stopModeTask	16	static
../HAL/LowPowerMode/lowPowerMode.c:43:6:startSleepMode	8	static
../HAL/LowPowerMode/lowPowerMode.c:52:6:startStopMode	8	static
../HAL/LowPowerMode/lowPowerMode.c:65:6:HAL_SuspendTick	4	static
../HAL/LowPowerMode/lowPowerMode.c:70:6:HAL_ResumeTick	4	static
../HAL/LowPowerMode/lowPowerMode.c:75:6:getStopModeFlag	4	static
../HAL/LowPowerMode/lowPowerMode.c:80:6:setStopModeFlag	16	static
